INFO 2026-06-24 16:50:02,652 autoreload 4524 13636 Watching for file changes with StatReloader
INFO 2026-06-24 16:50:33,752 basehttp 4524 9204 "OPTIONS /api/orders/5/ HTTP/1.1" 200 0
WARNING 2026-06-24 16:50:34,346 log 4524 9204 Unauthorized: /api/orders/5/
WARNING 2026-06-24 16:50:34,348 basehttp 4524 9204 "GET /api/orders/5/ HTTP/1.1" 401 172
INFO 2026-06-24 16:53:53,423 basehttp 4524 9204 "OPTIONS /api/token/ HTTP/1.1" 200 0
INFO 2026-06-24 16:53:54,558 basehttp 4524 9204 "POST /api/token/ HTTP/1.1" 200 577
INFO 2026-06-24 16:53:54,565 basehttp 4524 9204 "OPTIONS /api/me/ HTTP/1.1" 200 0
INFO 2026-06-24 16:53:54,570 basehttp 4524 9204 "GET /api/me/ HTTP/1.1" 200 72
INFO 2026-06-24 16:53:54,917 basehttp 4524 9204 "OPTIONS /api/orders/ HTTP/1.1" 200 0
INFO 2026-06-24 16:53:54,925 basehttp 4524 9204 "GET /api/me/ HTTP/1.1" 200 72
INFO 2026-06-24 16:53:54,926 basehttp 4524 7016 "OPTIONS /api/orders/ HTTP/1.1" 200 0
INFO 2026-06-24 16:53:54,937 basehttp 4524 9204 "GET /api/me/ HTTP/1.1" 200 72
INFO 2026-06-24 16:53:55,152 basehttp 4524 9512 "GET /api/orders/ HTTP/1.1" 200 6792
INFO 2026-06-24 16:53:55,185 basehttp 4524 9512 "GET /api/orders/ HTTP/1.1" 200 6792
INFO 2026-06-24 16:55:59,782 basehttp 4524 9512 "GET /api/me/ HTTP/1.1" 200 72
INFO 2026-06-24 16:55:59,820 basehttp 4524 9204 "GET /api/orders/ HTTP/1.1" 200 6792
INFO 2026-06-24 16:57:07,414 basehttp 4524 5384 "GET /api/me/ HTTP/1.1" 200 72
INFO 2026-06-24 16:57:07,456 basehttp 4524 1524 "GET /api/orders/ HTTP/1.1" 200 6792
INFO 2026-06-24 16:58:20,353 basehttp 4524 1524 "GET /api/me/ HTTP/1.1" 200 72
INFO 2026-06-24 16:58:20,388 basehttp 4524 5384 "GET /api/orders/ HTTP/1.1" 200 6792
INFO 2026-06-24 16:59:20,084 basehttp 4524 1524 "OPTIONS /api/mix-designs/ HTTP/1.1" 200 0
INFO 2026-06-24 16:59:20,084 basehttp 4524 5384 "OPTIONS /api/mix-designs/ HTTP/1.1" 200 0
INFO 2026-06-24 16:59:20,110 basehttp 4524 1524 "GET /api/mix-designs/ HTTP/1.1" 200 3881
INFO 2026-06-24 16:59:20,121 basehttp 4524 5384 "GET /api/mix-designs/ HTTP/1.1" 200 3881
INFO 2026-06-24 17:00:46,118 basehttp 4524 5384 "GET /api/me/ HTTP/1.1" 200 72
INFO 2026-06-24 17:00:46,145 basehttp 4524 1524 "GET /api/orders/ HTTP/1.1" 200 6792
INFO 2026-06-24 17:02:09,250 basehttp 4524 1524 "GET /api/me/ HTTP/1.1" 200 72
INFO 2026-06-24 17:02:09,289 basehttp 4524 5384 "GET /api/orders/ HTTP/1.1" 200 6792
INFO 2026-06-24 17:02:49,205 basehttp 4524 5384 "GET /api/me/ HTTP/1.1" 200 72
INFO 2026-06-24 17:02:49,234 basehttp 4524 1524 "GET /api/orders/ HTTP/1.1" 200 6792
INFO 2026-06-24 17:03:29,650 basehttp 4524 1524 "GET /api/me/ HTTP/1.1" 200 72
INFO 2026-06-24 17:03:29,681 basehttp 4524 5384 "GET /api/orders/ HTTP/1.1" 200 6792
INFO 2026-06-24 17:05:01,765 basehttp 4524 5384 "GET /api/me/ HTTP/1.1" 200 72
INFO 2026-06-24 17:05:01,806 basehttp 4524 1524 "GET /api/orders/ HTTP/1.1" 200 6792
INFO 2026-06-24 17:05:26,677 basehttp 4524 1524 "GET /api/me/ HTTP/1.1" 200 72
INFO 2026-06-24 17:05:26,706 basehttp 4524 5384 "GET /api/orders/ HTTP/1.1" 200 6792
INFO 2026-06-24 17:05:41,923 basehttp 4524 5384 "GET /api/me/ HTTP/1.1" 200 72
INFO 2026-06-24 17:05:41,958 basehttp 4524 1524 "GET /api/orders/ HTTP/1.1" 200 6792
INFO 2026-06-24 17:05:43,218 basehttp 4524 1524 "GET /api/mix-designs/ HTTP/1.1" 200 3881
INFO 2026-06-24 17:05:43,226 basehttp 4524 1524 "GET /api/mix-designs/ HTTP/1.1" 200 3881
INFO 2026-06-24 17:07:34,750 basehttp 4524 1524 "GET /api/mix-designs/ HTTP/1.1" 200 3881
INFO 2026-06-24 17:07:45,568 basehttp 4524 1524 "GET /api/mix-designs/ HTTP/1.1" 200 3881
INFO 2026-06-24 17:08:03,648 basehttp 4524 1524 "POST /api/orders/ HTTP/1.1" 201 622
INFO 2026-06-24 17:08:03,790 basehttp 4524 5384 "GET /api/me/ HTTP/1.1" 200 72
INFO 2026-06-24 17:08:03,801 basehttp 4524 5384 "GET /api/me/ HTTP/1.1" 200 72
INFO 2026-06-24 17:08:03,825 basehttp 4524 1524 "GET /api/orders/ HTTP/1.1" 200 7415
INFO 2026-06-24 17:08:03,858 basehttp 4524 1524 "GET /api/orders/ HTTP/1.1" 200 7415
INFO 2026-06-24 17:09:47,428 basehttp 4524 1524 "GET /api/me/ HTTP/1.1" 200 72
INFO 2026-06-24 17:09:47,466 basehttp 4524 5384 "GET /api/orders/ HTTP/1.1" 200 7415
INFO 2026-06-24 17:10:02,103 basehttp 4524 12652 "OPTIONS /api/orders/ HTTP/1.1" 200 0
INFO 2026-06-24 17:10:02,103 basehttp 4524 6832 "OPTIONS /api/orders/ HTTP/1.1" 200 0
WARNING 2026-06-24 17:10:02,415 log 4524 12652 Unauthorized: /api/orders/
WARNING 2026-06-24 17:10:02,416 basehttp 4524 12652 "GET /api/orders/ HTTP/1.1" 401 172
WARNING 2026-06-24 17:10:02,421 log 4524 12652 Unauthorized: /api/orders/
WARNING 2026-06-24 17:10:02,432 basehttp 4524 12652 "GET /api/orders/ HTTP/1.1" 401 172
INFO 2026-06-24 17:10:04,938 basehttp 4524 3908 "OPTIONS /api/token/ HTTP/1.1" 200 0
INFO 2026-06-24 17:10:06,257 basehttp 4524 3908 "POST /api/token/ HTTP/1.1" 200 563
INFO 2026-06-24 17:10:06,263 basehttp 4524 3908 "OPTIONS /api/me/ HTTP/1.1" 200 0
INFO 2026-06-24 17:10:06,267 basehttp 4524 3908 "GET /api/me/ HTTP/1.1" 200 58
INFO 2026-06-24 17:10:06,568 basehttp 4524 3908 "GET /api/orders/ HTTP/1.1" 200 7415
INFO 2026-06-24 17:10:06,602 basehttp 4524 3908 "GET /api/orders/ HTTP/1.1" 200 7415
INFO 2026-06-24 17:10:07,739 basehttp 4524 11152 "POST /api/token/ HTTP/1.1" 200 563
INFO 2026-06-24 17:10:07,746 basehttp 4524 11152 "GET /api/me/ HTTP/1.1" 200 58
INFO 2026-06-24 17:10:37,427 basehttp 4524 12780 "GET /api/orders/ HTTP/1.1" 200 7415
INFO 2026-06-24 17:10:37,467 basehttp 4524 12780 "GET /api/orders/ HTTP/1.1" 200 7415
INFO 2026-06-24 17:10:52,002 basehttp 4524 11396 "GET /api/orders/ HTTP/1.1" 200 7415
INFO 2026-06-24 17:10:52,036 basehttp 4524 11396 "GET /api/orders/ HTTP/1.1" 200 7415
INFO 2026-06-24 17:10:55,874 basehttp 4524 9548 "GET /api/orders/ HTTP/1.1" 200 7415
INFO 2026-06-24 17:10:55,937 basehttp 4524 9548 "GET /api/orders/ HTTP/1.1" 200 7415
INFO 2026-06-24 17:10:59,756 basehttp 4524 9548 "OPTIONS /api/orders/6/ HTTP/1.1" 200 0
INFO 2026-06-24 17:10:59,760 basehttp 4524 2120 "OPTIONS /api/orders/6/ HTTP/1.1" 200 0
INFO 2026-06-24 17:10:59,776 basehttp 4524 9548 "GET /api/orders/6/ HTTP/1.1" 200 622
INFO 2026-06-24 17:10:59,807 basehttp 4524 9548 "GET /api/orders/6/ HTTP/1.1" 200 622
INFO 2026-06-24 17:11:20,783 basehttp 4524 13348 "OPTIONS /api/orders/6/preview_quotation/ HTTP/1.1" 200 0
INFO 2026-06-24 17:11:20,791 basehttp 4524 13348 "POST /api/orders/6/preview_quotation/ HTTP/1.1" 200 163
INFO 2026-06-24 17:11:27,705 basehttp 4524 13348 "OPTIONS /api/orders/6/send_quotation/ HTTP/1.1" 200 0
INFO 2026-06-24 17:11:27,743 basehttp 4524 13348 "POST /api/orders/6/send_quotation/ HTTP/1.1" 200 111
INFO 2026-06-24 17:11:27,794 basehttp 4524 13348 "GET /api/orders/6/ HTTP/1.1" 200 1113
INFO 2026-06-24 17:11:35,661 basehttp 4524 5384 "GET /api/me/ HTTP/1.1" 200 72
INFO 2026-06-24 17:11:35,696 basehttp 4524 1524 "GET /api/orders/ HTTP/1.1" 200 7906
INFO 2026-06-24 17:11:38,145 basehttp 4524 5384 "OPTIONS /api/orders/6/ HTTP/1.1" 200 0
INFO 2026-06-24 17:11:38,145 basehttp 4524 1524 "OPTIONS /api/orders/6/ HTTP/1.1" 200 0
INFO 2026-06-24 17:11:38,163 basehttp 4524 1524 "GET /api/orders/6/ HTTP/1.1" 200 1113
INFO 2026-06-24 17:11:38,179 basehttp 4524 1524 "GET /api/orders/6/ HTTP/1.1" 200 1113
INFO 2026-06-24 17:11:41,202 basehttp 4524 1524 "OPTIONS /api/quotations/6/customer_decision/ HTTP/1.1" 200 0
INFO 2026-06-24 17:11:41,270 basehttp 4524 1524 "POST /api/quotations/6/customer_decision/ HTTP/1.1" 200 32
INFO 2026-06-24 17:11:42,587 basehttp 4524 1524 "GET /api/orders/6/ HTTP/1.1" 200 1117
INFO 2026-06-24 17:12:00,650 basehttp 4524 13348 "OPTIONS /api/orders/6/submit_inspection/ HTTP/1.1" 200 0
INFO 2026-06-24 17:12:00,688 basehttp 4524 13348 "POST /api/orders/6/submit_inspection/ HTTP/1.1" 200 108
INFO 2026-06-24 17:12:00,718 basehttp 4524 13348 "GET /api/orders/6/ HTTP/1.1" 200 1204
INFO 2026-06-24 17:12:06,760 basehttp 4524 1524 "GET /api/orders/6/ HTTP/1.1" 200 1204
INFO 2026-06-24 17:12:11,343 basehttp 4524 1524 "GET /api/me/ HTTP/1.1" 200 72
INFO 2026-06-24 17:12:11,354 basehttp 4524 1524 "GET /api/me/ HTTP/1.1" 200 72
INFO 2026-06-24 17:12:11,381 basehttp 4524 5384 "GET /api/orders/ HTTP/1.1" 200 7997
INFO 2026-06-24 17:12:11,419 basehttp 4524 1524 "GET /api/orders/ HTTP/1.1" 200 7997
INFO 2026-06-24 17:12:18,726 basehttp 4524 13348 "OPTIONS /api/schedules/ HTTP/1.1" 200 0
INFO 2026-06-24 17:12:18,759 basehttp 4524 13348 "GET /api/schedules/ HTTP/1.1" 200 2539
INFO 2026-06-24 17:12:26,844 basehttp 4524 13348 "GET /api/schedules/ HTTP/1.1" 200 2539
INFO 2026-06-24 17:12:29,279 basehttp 4524 13348 "GET /api/schedules/ HTTP/1.1" 200 2539
INFO 2026-06-24 17:12:29,895 basehttp 4524 13348 "GET /api/schedules/ HTTP/1.1" 200 2539
INFO 2026-06-24 17:12:30,104 basehttp 4524 13348 "GET /api/schedules/ HTTP/1.1" 200 2539
INFO 2026-06-24 17:12:30,287 basehttp 4524 13348 "GET /api/schedules/ HTTP/1.1" 200 2539
INFO 2026-06-24 17:12:30,479 basehttp 4524 13348 "GET /api/schedules/ HTTP/1.1" 200 2539
INFO 2026-06-24 17:12:30,670 basehttp 4524 13348 "GET /api/schedules/ HTTP/1.1" 200 2539
INFO 2026-06-24 17:12:30,870 basehttp 4524 13348 "GET /api/schedules/ HTTP/1.1" 200 2539
INFO 2026-06-24 17:14:04,619 basehttp 4524 9076 "GET /api/schedules/ HTTP/1.1" 200 2539
INFO 2026-06-24 17:14:18,246 basehttp 4524 4308 "GET /api/schedules/ HTTP/1.1" 200 2539
INFO 2026-06-24 17:14:20,871 basehttp 4524 4308 "OPTIONS /api/schedules/6/update_delivery_status/ HTTP/1.1" 200 0
INFO 2026-06-24 17:14:20,945 basehttp 4524 4308 "POST /api/schedules/6/update_delivery_status/ HTTP/1.1" 200 76
INFO 2026-06-24 17:14:20,981 basehttp 4524 4308 "GET /api/schedules/ HTTP/1.1" 200 2531
INFO 2026-06-24 17:14:23,892 basehttp 4524 4308 "POST /api/schedules/6/update_delivery_status/ HTTP/1.1" 200 78
INFO 2026-06-24 17:14:23,932 basehttp 4524 4308 "GET /api/schedules/ HTTP/1.1" 200 2533
INFO 2026-06-24 17:17:24,127 basehttp 4524 4308 "GET /api/schedules/ HTTP/1.1" 200 2533
INFO 2026-06-24 17:17:24,151 basehttp 4524 4308 "GET /api/schedules/ HTTP/1.1" 200 2533
INFO 2026-06-24 17:17:52,698 basehttp 4524 4308 "GET /api/schedules/ HTTP/1.1" 200 2533
INFO 2026-06-24 17:17:52,726 basehttp 4524 4308 "GET /api/schedules/ HTTP/1.1" 200 2533
INFO 2026-06-24 17:18:48,572 basehttp 4524 5480 "GET /api/schedules/ HTTP/1.1" 200 2533
INFO 2026-06-24 17:18:48,603 basehttp 4524 5480 "GET /api/schedules/ HTTP/1.1" 200 2533
INFO 2026-06-24 17:18:53,745 basehttp 4524 5480 "GET /api/schedules/ HTTP/1.1" 200 2533
INFO 2026-06-24 17:18:55,576 basehttp 4524 2664 "GET /api/schedules/ HTTP/1.1" 200 2533
INFO 2026-06-24 17:18:55,599 basehttp 4524 2664 "GET /api/schedules/ HTTP/1.1" 200 2533
INFO 2026-06-24 17:19:35,869 basehttp 4524 14436 "GET /api/schedules/ HTTP/1.1" 200 2533
INFO 2026-06-24 17:19:35,888 basehttp 4524 14436 "GET /api/schedules/ HTTP/1.1" 200 2533
INFO 2026-06-24 17:19:37,492 basehttp 4524 14436 "GET /api/schedules/ HTTP/1.1" 200 2533
INFO 2026-06-24 17:19:37,515 basehttp 4524 14436 "GET /api/schedules/ HTTP/1.1" 200 2533
WARNING 2026-06-24 17:20:00,504 log 4524 3528 Forbidden: /api/orders/5/
WARNING 2026-06-24 17:20:00,505 basehttp 4524 3528 "PATCH /api/orders/5/ HTTP/1.1" 403 63
INFO 2026-06-24 17:20:01,527 basehttp 4524 3528 "OPTIONS /api/orders/4/ HTTP/1.1" 200 0
WARNING 2026-06-24 17:20:01,552 log 4524 3528 Forbidden: /api/orders/4/
WARNING 2026-06-24 17:20:01,552 basehttp 4524 3528 "PATCH /api/orders/4/ HTTP/1.1" 403 63
INFO 2026-06-24 17:24:55,069 basehttp 4524 3528 "OPTIONS /api/register/ HTTP/1.1" 200 0
INFO 2026-06-24 17:24:56,377 basehttp 4524 3528 "POST /api/register/ HTTP/1.1" 201 84
WARNING 2026-06-24 17:25:06,678 log 4524 3528 Unauthorized: /api/token/
WARNING 2026-06-24 17:25:06,679 basehttp 4524 3528 "POST /api/token/ HTTP/1.1" 401 63
WARNING 2026-06-24 17:25:16,861 log 4524 3528 Unauthorized: /api/token/
WARNING 2026-06-24 17:25:16,862 basehttp 4524 3528 "POST /api/token/ HTTP/1.1" 401 63
INFO 2026-06-24 17:25:26,288 basehttp 4524 3528 "POST /api/token/ HTTP/1.1" 200 575
INFO 2026-06-24 17:25:26,294 basehttp 4524 3528 "GET /api/me/ HTTP/1.1" 200 70
INFO 2026-06-24 17:25:26,421 basehttp 4524 3528 "GET /api/me/ HTTP/1.1" 200 70
INFO 2026-06-24 17:25:26,428 basehttp 4524 9784 "GET /api/orders/ HTTP/1.1" 200 52
INFO 2026-06-24 17:25:26,430 basehttp 4524 3528 "GET /api/me/ HTTP/1.1" 200 70
INFO 2026-06-24 17:25:26,439 basehttp 4524 9784 "GET /api/orders/ HTTP/1.1" 200 52
INFO 2026-06-24 17:25:28,932 basehttp 4524 9784 "GET /api/mix-designs/ HTTP/1.1" 200 3881
INFO 2026-06-24 17:25:28,943 basehttp 4524 9784 "GET /api/mix-designs/ HTTP/1.1" 200 3881
INFO 2026-06-24 17:27:17,461 basehttp 4524 15260 "GET /api/mix-designs/ HTTP/1.1" 200 3881
WARNING 2026-06-24 17:27:39,885 base 4524 13740 Session data corrupted
INFO 2026-06-24 17:27:39,911 basehttp 4524 13740 "GET /admin/core/user/ HTTP/1.1" 302 0
WARNING 2026-06-24 17:27:39,937 base 4524 13740 Session data corrupted
INFO 2026-06-24 17:27:40,396 basehttp 4524 13740 "GET /admin/login/?next=/admin/core/user/ HTTP/1.1" 200 4193
INFO 2026-06-24 17:27:40,907 basehttp 4524 8028 "GET /static/admin/css/nav_sidebar.css HTTP/1.1" 200 2810
INFO 2026-06-24 17:27:40,941 basehttp 4524 3996 "GET /static/admin/css/login.css HTTP/1.1" 200 951
INFO 2026-06-24 17:27:41,004 basehttp 4524 13068 "GET /static/admin/css/dark_mode.css HTTP/1.1" 200 2808
INFO 2026-06-24 17:27:41,037 basehttp 4524 6900 "GET /static/admin/css/responsive.css HTTP/1.1" 200 16565
INFO 2026-06-24 17:27:41,062 basehttp 4524 8932 "GET /static/admin/js/theme.js HTTP/1.1" 200 1653
INFO 2026-06-24 17:27:41,063 basehttp 4524 13740 "GET /static/admin/css/base.css HTTP/1.1" 200 22120
INFO 2026-06-24 17:27:41,120 basehttp 4524 13740 "GET /static/admin/js/nav_sidebar.js HTTP/1.1" 200 3063
WARNING 2026-06-24 17:27:41,295 log 4524 13740 Not Found: /favicon.ico
WARNING 2026-06-24 17:27:41,295 basehttp 4524 13740 "GET /favicon.ico HTTP/1.1" 404 3483
WARNING 2026-06-24 17:27:43,439 base 4524 13740 Session data corrupted
INFO 2026-06-24 17:27:44,762 basehttp 4524 13740 "POST /admin/login/?next=/admin/core/user/ HTTP/1.1" 302 0
INFO 2026-06-24 17:27:45,033 basehttp 4524 13740 "GET /admin/core/user/ HTTP/1.1" 200 15861
INFO 2026-06-24 17:27:45,108 basehttp 4524 13740 "GET /static/admin/css/changelists.css HTTP/1.1" 200 6878
INFO 2026-06-24 17:27:45,120 basehttp 4524 13068 "GET /static/admin/js/jquery.init.js HTTP/1.1" 200 347
INFO 2026-06-24 17:27:45,141 basehttp 4524 3996 "GET /static/admin/js/core.js HTTP/1.1" 200 6208
INFO 2026-06-24 17:27:45,150 basehttp 4524 8028 "GET /static/admin/js/admin/RelatedObjectLookups.js HTTP/1.1" 200 9777
INFO 2026-06-24 17:27:45,152 basehttp 4524 8932 "GET /admin/jsi18n/ HTTP/1.1" 200 3342
INFO 2026-06-24 17:27:45,197 basehttp 4524 13068 "GET /static/admin/js/urlify.js HTTP/1.1" 200 7887
INFO 2026-06-24 17:27:45,204 basehttp 4524 3996 "GET /static/admin/js/prepopulate.js HTTP/1.1" 200 1531
INFO 2026-06-24 17:27:45,205 basehttp 4524 13740 "GET /static/admin/js/actions.js HTTP/1.1" 200 8076
INFO 2026-06-24 17:27:45,206 basehttp 4524 8932 "GET /static/admin/img/search.svg HTTP/1.1" 200 458
INFO 2026-06-24 17:27:45,211 basehttp 4524 6900 "GET /static/admin/js/vendor/jquery/jquery.js HTTP/1.1" 200 285314
INFO 2026-06-24 17:27:45,224 basehttp 4524 13740 "GET /static/admin/img/icon-no.svg HTTP/1.1" 200 560
INFO 2026-06-24 17:27:45,236 basehttp 4524 8932 "GET /static/admin/img/icon-yes.svg HTTP/1.1" 200 436
INFO 2026-06-24 17:27:45,264 basehttp 4524 8932 "GET /static/admin/js/filters.js HTTP/1.1" 200 978
INFO 2026-06-24 17:27:45,359 basehttp 4524 8028 "GET /static/admin/js/vendor/xregexp/xregexp.js HTTP/1.1" 200 325171
INFO 2026-06-24 17:27:45,431 basehttp 4524 8028 "GET /static/admin/img/icon-addlink.svg HTTP/1.1" 200 331
INFO 2026-06-24 17:27:45,431 basehttp 4524 13740 "GET /static/admin/img/sorting-icons.svg HTTP/1.1" 200 1097
INFO 2026-06-24 17:27:45,432 basehttp 4524 8932 "GET /static/admin/img/tooltag-add.svg HTTP/1.1" 200 331
INFO 2026-06-24 17:27:45,434 basehttp 4524 6900 "GET /static/admin/img/icon-viewlink.svg HTTP/1.1" 200 581
INFO 2026-06-24 17:28:11,444 basehttp 4524 6900 "GET /admin/core/mixdesign/ HTTP/1.1" 200 61616
INFO 2026-06-24 17:28:11,481 basehttp 4524 6900 "GET /admin/jsi18n/ HTTP/1.1" 200 3342
INFO 2026-06-24 17:29:44,414 basehttp 4524 15260 "GET /api/mix-designs/ HTTP/1.1" 200 3881
INFO 2026-06-24 17:29:44,422 basehttp 4524 15260 "OPTIONS /api/mix-designs/?page=2 HTTP/1.1" 200 0
INFO 2026-06-24 17:29:44,428 basehttp 4524 15260 "GET /api/mix-designs/?page=2 HTTP/1.1" 200 3937
INFO 2026-06-24 17:29:44,433 basehttp 4524 15260 "OPTIONS /api/mix-designs/?page=3 HTTP/1.1" 200 0
INFO 2026-06-24 17:29:44,439 basehttp 4524 15260 "GET /api/mix-designs/?page=3 HTTP/1.1" 200 3971
INFO 2026-06-24 17:29:44,443 basehttp 4524 15260 "OPTIONS /api/mix-designs/?page=4 HTTP/1.1" 200 0
INFO 2026-06-24 17:29:44,483 basehttp 4524 15260 "GET /api/mix-designs/?page=4 HTTP/1.1" 200 3987
INFO 2026-06-24 17:29:44,489 basehttp 4524 15260 "OPTIONS /api/mix-designs/?page=5 HTTP/1.1" 200 0
INFO 2026-06-24 17:29:44,494 basehttp 4524 15260 "GET /api/mix-designs/?page=5 HTTP/1.1" 200 3996
INFO 2026-06-24 17:29:44,500 basehttp 4524 15260 "OPTIONS /api/mix-designs/?page=6 HTTP/1.1" 200 0
INFO 2026-06-24 17:29:44,538 basehttp 4524 15260 "GET /api/mix-designs/?page=6 HTTP/1.1" 200 3773
INFO 2026-06-24 17:30:35,775 basehttp 4524 15260 "POST /api/orders/ HTTP/1.1" 201 718
INFO 2026-06-24 17:30:35,985 basehttp 4524 14696 "GET /api/me/ HTTP/1.1" 200 70
INFO 2026-06-24 17:30:36,000 basehttp 4524 15260 "GET /api/orders/ HTTP/1.1" 200 770
INFO 2026-06-24 17:30:36,000 basehttp 4524 14696 "GET /api/me/ HTTP/1.1" 200 70
INFO 2026-06-24 17:30:36,015 basehttp 4524 15260 "GET /api/orders/ HTTP/1.1" 200 770
INFO 2026-06-24 17:30:38,987 basehttp 4524 15260 "OPTIONS /api/orders/7/ HTTP/1.1" 200 0
INFO 2026-06-24 17:30:38,987 basehttp 4524 14696 "OPTIONS /api/orders/7/ HTTP/1.1" 200 0
INFO 2026-06-24 17:30:39,005 basehttp 4524 14696 "GET /api/orders/7/ HTTP/1.1" 200 718
INFO 2026-06-24 17:30:39,023 basehttp 4524 14696 "GET /api/orders/7/ HTTP/1.1" 200 718
INFO 2026-06-24 17:30:53,114 basehttp 4524 5244 "GET /api/orders/ HTTP/1.1" 200 8716
INFO 2026-06-24 17:30:53,152 basehttp 4524 5244 "GET /api/orders/ HTTP/1.1" 200 8716
INFO 2026-06-24 17:30:55,472 basehttp 4524 1228 "OPTIONS /api/orders/7/ HTTP/1.1" 200 0
INFO 2026-06-24 17:30:55,472 basehttp 4524 5244 "OPTIONS /api/orders/7/ HTTP/1.1" 200 0
INFO 2026-06-24 17:30:55,492 basehttp 4524 5244 "GET /api/orders/7/ HTTP/1.1" 200 718
INFO 2026-06-24 17:30:55,507 basehttp 4524 5244 "GET /api/orders/7/ HTTP/1.1" 200 718
INFO 2026-06-24 17:31:07,849 basehttp 4524 11516 "OPTIONS /api/orders/7/preview_quotation/ HTTP/1.1" 200 0
INFO 2026-06-24 17:31:07,854 basehttp 4524 11516 "POST /api/orders/7/preview_quotation/ HTTP/1.1" 200 268
INFO 2026-06-24 17:31:09,576 basehttp 4524 11516 "OPTIONS /api/orders/7/send_quotation/ HTTP/1.1" 200 0
INFO 2026-06-24 17:31:09,618 basehttp 4524 11516 "POST /api/orders/7/send_quotation/ HTTP/1.1" 200 111
INFO 2026-06-24 17:31:09,645 basehttp 4524 11516 "GET /api/orders/7/ HTTP/1.1" 200 1315
INFO 2026-06-24 17:31:14,280 basehttp 4524 14696 "GET /api/orders/7/ HTTP/1.1" 200 1315
INFO 2026-06-24 17:31:30,454 basehttp 4524 11516 "POST /api/orders/7/preview_quotation/ HTTP/1.1" 200 268
INFO 2026-06-24 17:31:32,000 basehttp 4524 11516 "POST /api/orders/7/send_quotation/ HTTP/1.1" 200 111
INFO 2026-06-24 17:31:32,023 basehttp 4524 11516 "GET /api/orders/7/ HTTP/1.1" 200 1318
INFO 2026-06-24 17:31:41,514 basehttp 4524 14696 "OPTIONS /api/quotations/7/customer_decision/ HTTP/1.1" 200 0
INFO 2026-06-24 17:31:41,575 basehttp 4524 14696 "POST /api/quotations/7/customer_decision/ HTTP/1.1" 200 32
INFO 2026-06-24 17:31:43,133 basehttp 4524 14696 "GET /api/orders/7/ HTTP/1.1" 200 1322
INFO 2026-06-24 17:32:22,283 basehttp 4524 11516 "OPTIONS /api/orders/7/submit_inspection/ HTTP/1.1" 200 0
INFO 2026-06-24 17:32:22,308 basehttp 4524 11516 "POST /api/orders/7/submit_inspection/ HTTP/1.1" 200 113
INFO 2026-06-24 17:32:22,342 basehttp 4524 11516 "GET /api/orders/7/ HTTP/1.1" 200 1445
INFO 2026-06-24 17:32:35,419 basehttp 4524 14696 "GET /api/orders/7/ HTTP/1.1" 200 1445
INFO 2026-06-24 17:38:31,076 basehttp 4524 11248 "OPTIONS /api/orders/7/cancel_order/ HTTP/1.1" 200 0
INFO 2026-06-24 17:38:31,125 basehttp 4524 11248 "POST /api/orders/7/cancel_order/ HTTP/1.1" 200 137
INFO 2026-06-24 17:38:31,156 basehttp 4524 11248 "GET /api/orders/7/ HTTP/1.1" 200 1504
INFO 2026-06-24 17:38:36,151 basehttp 4524 5436 "GET /api/orders/7/ HTTP/1.1" 200 1504
INFO 2026-06-24 17:38:51,263 basehttp 4524 5436 "GET /api/me/ HTTP/1.1" 200 70
INFO 2026-06-24 17:38:51,272 basehttp 4524 5436 "GET /api/me/ HTTP/1.1" 200 70
INFO 2026-06-24 17:38:51,280 basehttp 4524 11768 "GET /api/orders/ HTTP/1.1" 200 1556
INFO 2026-06-24 17:38:51,297 basehttp 4524 11768 "GET /api/orders/ HTTP/1.1" 200 1556
INFO 2026-06-24 17:38:53,277 basehttp 4524 11768 "GET /api/orders/7/ HTTP/1.1" 200 1504
INFO 2026-06-24 17:38:53,294 basehttp 4524 11768 "GET /api/orders/7/ HTTP/1.1" 200 1504
INFO 2026-06-24 17:38:55,320 basehttp 4524 11768 "GET /api/me/ HTTP/1.1" 200 70
INFO 2026-06-24 17:38:55,331 basehttp 4524 11768 "GET /api/me/ HTTP/1.1" 200 70
INFO 2026-06-24 17:38:55,334 basehttp 4524 5436 "GET /api/orders/ HTTP/1.1" 200 1556
INFO 2026-06-24 17:38:55,351 basehttp 4524 5436 "GET /api/orders/ HTTP/1.1" 200 1556
INFO 2026-06-24 17:38:58,351 basehttp 4524 5436 "GET /api/mix-designs/ HTTP/1.1" 200 3881
INFO 2026-06-24 17:38:58,363 basehttp 4524 5436 "GET /api/mix-designs/ HTTP/1.1" 200 3881
INFO 2026-06-24 17:38:58,376 basehttp 4524 5436 "GET /api/mix-designs/?page=2 HTTP/1.1" 200 3937
INFO 2026-06-24 17:38:58,385 basehttp 4524 5436 "GET /api/mix-designs/?page=3 HTTP/1.1" 200 3971
INFO 2026-06-24 17:38:58,403 basehttp 4524 5436 "GET /api/mix-designs/?page=4 HTTP/1.1" 200 3987
INFO 2026-06-24 17:38:58,412 basehttp 4524 5436 "GET /api/mix-designs/?page=5 HTTP/1.1" 200 3996
INFO 2026-06-24 17:38:58,422 basehttp 4524 5436 "GET /api/mix-designs/?page=6 HTTP/1.1" 200 3773
INFO 2026-06-24 17:50:31,620 basehttp 4524 14512 "GET /api/orders/ HTTP/1.1" 200 9502
INFO 2026-06-24 17:50:31,681 basehttp 4524 14512 "GET /api/orders/ HTTP/1.1" 200 9502
INFO 2026-06-24 17:51:09,159 basehttp 4524 10948 "GET /api/mix-designs/ HTTP/1.1" 200 3881
INFO 2026-06-24 17:51:09,186 basehttp 4524 10948 "GET /api/mix-designs/?page=2 HTTP/1.1" 200 3937
INFO 2026-06-24 17:51:09,195 basehttp 4524 10948 "GET /api/mix-designs/?page=3 HTTP/1.1" 200 3971
INFO 2026-06-24 17:51:09,206 basehttp 4524 10948 "GET /api/mix-designs/?page=4 HTTP/1.1" 200 3987
INFO 2026-06-24 17:51:09,223 basehttp 4524 10948 "GET /api/mix-designs/?page=5 HTTP/1.1" 200 3996
INFO 2026-06-24 17:51:09,234 basehttp 4524 10948 "GET /api/mix-designs/?page=6 HTTP/1.1" 200 3773
INFO 2026-06-24 17:51:13,062 basehttp 4524 6708 "GET /api/me/ HTTP/1.1" 200 70
INFO 2026-06-24 17:51:13,064 basehttp 4524 10948 "GET /api/orders/ HTTP/1.1" 200 1556
INFO 2026-06-24 17:51:13,076 basehttp 4524 6708 "GET /api/me/ HTTP/1.1" 200 70
INFO 2026-06-24 17:51:13,083 basehttp 4524 10948 "GET /api/orders/ HTTP/1.1" 200 1556
INFO 2026-06-24 17:51:17,581 basehttp 4524 10948 "GET /api/orders/7/ HTTP/1.1" 200 1504
INFO 2026-06-24 17:51:17,599 basehttp 4524 10948 "GET /api/orders/7/ HTTP/1.1" 200 1504
INFO 2026-06-24 17:51:20,195 basehttp 4524 10948 "GET /api/me/ HTTP/1.1" 200 70
INFO 2026-06-24 17:51:20,211 basehttp 4524 6708 "GET /api/orders/ HTTP/1.1" 200 1556
INFO 2026-06-24 17:51:20,224 basehttp 4524 10948 "GET /api/me/ HTTP/1.1" 200 70
INFO 2026-06-24 17:51:20,238 basehttp 4524 6708 "GET /api/orders/ HTTP/1.1" 200 1556
